minishell> cat << END 
Mix tabs and spaces
minishell> exit
exit
